// Jest Snapshot v1, https://goo.gl/fbAQLP

exports[`TestComponent Test Suite renders correctly 1`] = `
<ErrorBoundary>
  <input
    onChange={[Function]}
    type="text"
    value=""
  />
  <div />
</ErrorBoundary>
`;
