// Jest Snapshot v1, https://goo.gl/fbAQLP

exports[`Footer Test Suite renders correctly 1`] = `
<footer>
  footer here
</footer>
`;
