// Jest Snapshot v1, https://goo.gl/fbAQLP

exports[`Header Test Suite renders correctly 1`] = `
<header>
  header here
</header>
`;
